// Vitest Snapshot v1, https://vitest.dev/guide/snapshot.html

exports[`Test the AUTHORITIES static property > matches snapshot 1`] = `
[
  IssuingAuthority {
    "country": "CAN",
    "issuerId": 604426,
    "jurisdiction": "Prince Edward Island",
    "jurisdictionCode": "PE",
  },
  IssuingAuthority {
    "country": "USA",
    "issuerId": 604427,
    "jurisdiction": "American Samoa",
    "jurisdictionCode": "AS",
  },
  IssuingAuthority {
    "country": "CAN",
    "issuerId": 604428,
    "jurisdiction": "Quebec",
    "jurisdictionCode": "QC",
  },
  IssuingAuthority {
    "country": "CAN",
    "issuerId": 604429,
    "jurisdiction": "Yukon",
    "jurisdictionCode": "YT",
  },
  IssuingAuthority {
    "country": "USA",
    "issuerId": 604430,
    "jurisdiction": "Norther Marianna Islands",
    "jurisdictionCode": "MP",
  },
  IssuingAuthority {
    "country": "USA",
    "issuerId": 604431,
    "jurisdiction": "Puerto Rico",
    "jurisdictionCode": "PR",
  },
  IssuingAuthority {
    "country": "CAN",
    "issuerId": 604432,
    "jurisdiction": "Alberta",
    "jurisdictionCode": "AB",
  },
  IssuingAuthority {
    "country": "CAN",
    "issuerId": 604433,
    "jurisdiction": "Nunavut",
    "jurisdictionCode": "NU",
  },
  IssuingAuthority {
    "country": "CAN",
    "issuerId": 604434,
    "jurisdiction": "Northwest Territories",
    "jurisdictionCode": "NT",
  },
  IssuingAuthority {
    "country": "USA",
    "issuerId": 636000,
    "jurisdiction": "Virginia",
    "jurisdictionCode": "VA",
  },
  IssuingAuthority {
    "country": "USA",
    "issuerId": 636001,
    "jurisdiction": "New York",
    "jurisdictionCode": "NY",
  },
  IssuingAuthority {
    "country": "USA",
    "issuerId": 636002,
    "jurisdiction": "Massachusetts",
    "jurisdictionCode": "MA",
  },
  IssuingAuthority {
    "country": "USA",
    "issuerId": 636003,
    "jurisdiction": "Maryland",
    "jurisdictionCode": "MD",
  },
  IssuingAuthority {
    "country": "USA",
    "issuerId": 636004,
    "jurisdiction": "North Carolina",
    "jurisdictionCode": "NC",
  },
  IssuingAuthority {
    "country": "USA",
    "issuerId": 636005,
    "jurisdiction": "South Carolina",
    "jurisdictionCode": "SC",
  },
  IssuingAuthority {
    "country": "USA",
    "issuerId": 636006,
    "jurisdiction": "Connecticut",
    "jurisdictionCode": "CT",
  },
  IssuingAuthority {
    "country": "USA",
    "issuerId": 636007,
    "jurisdiction": "Louisiana",
    "jurisdictionCode": "LA",
  },
  IssuingAuthority {
    "country": "USA",
    "issuerId": 636008,
    "jurisdiction": "Montana",
    "jurisdictionCode": "MT",
  },
  IssuingAuthority {
    "country": "USA",
    "issuerId": 636009,
    "jurisdiction": "New Mexico",
    "jurisdictionCode": "NM",
  },
  IssuingAuthority {
    "country": "USA",
    "issuerId": 636010,
    "jurisdiction": "Florida",
    "jurisdictionCode": "FL",
  },
  IssuingAuthority {
    "country": "USA",
    "issuerId": 636011,
    "jurisdiction": "Delaware",
    "jurisdictionCode": "DE",
  },
  IssuingAuthority {
    "country": "CAN",
    "issuerId": 636012,
    "jurisdiction": "Ontario",
    "jurisdictionCode": "ON",
  },
  IssuingAuthority {
    "country": "CAN",
    "issuerId": 636013,
    "jurisdiction": "Nova Scotia",
    "jurisdictionCode": "NS",
  },
  IssuingAuthority {
    "country": "USA",
    "issuerId": 636014,
    "jurisdiction": "California",
    "jurisdictionCode": "CA",
  },
  IssuingAuthority {
    "country": "USA",
    "issuerId": 636015,
    "jurisdiction": "Texas",
    "jurisdictionCode": "TX",
  },
  IssuingAuthority {
    "country": "CAN",
    "issuerId": 636016,
    "jurisdiction": "Newfoundland",
    "jurisdictionCode": "NF",
  },
  IssuingAuthority {
    "country": "CAN",
    "issuerId": 636017,
    "jurisdiction": "New Brunswick",
    "jurisdictionCode": "NB",
  },
  IssuingAuthority {
    "country": "USA",
    "issuerId": 636018,
    "jurisdiction": "Iowa",
    "jurisdictionCode": "IA",
  },
  IssuingAuthority {
    "country": "USA",
    "issuerId": 636019,
    "jurisdiction": "Guam",
    "jurisdictionCode": "GU",
  },
  IssuingAuthority {
    "country": "USA",
    "issuerId": 636020,
    "jurisdiction": "Colorado",
    "jurisdictionCode": "GM",
  },
  IssuingAuthority {
    "country": "USA",
    "issuerId": 636021,
    "jurisdiction": "Arkansas",
    "jurisdictionCode": "AR",
  },
  IssuingAuthority {
    "country": "USA",
    "issuerId": 636022,
    "jurisdiction": "Kansas",
    "jurisdictionCode": "KS",
  },
  IssuingAuthority {
    "country": "USA",
    "issuerId": 636023,
    "jurisdiction": "Ohio",
    "jurisdictionCode": "OH",
  },
  IssuingAuthority {
    "country": "USA",
    "issuerId": 636024,
    "jurisdiction": "Vermont",
    "jurisdictionCode": "VT",
  },
  IssuingAuthority {
    "country": "USA",
    "issuerId": 636025,
    "jurisdiction": "Pennsylvania",
    "jurisdictionCode": "PA",
  },
  IssuingAuthority {
    "country": "USA",
    "issuerId": 636026,
    "jurisdiction": "Arizona",
    "jurisdictionCode": "AZ",
  },
  IssuingAuthority {
    "country": "USA",
    "issuerId": 636027,
    "jurisdiction": "State Dept. (Diplomatic)",
    "jurisdictionCode": null,
  },
  IssuingAuthority {
    "country": "CAN",
    "issuerId": 636028,
    "jurisdiction": "British Columbia",
    "jurisdictionCode": "BC",
  },
  IssuingAuthority {
    "country": "USA",
    "issuerId": 636029,
    "jurisdiction": "Oregon",
    "jurisdictionCode": "OR",
  },
  IssuingAuthority {
    "country": "USA",
    "issuerId": 636030,
    "jurisdiction": "Missouri",
    "jurisdictionCode": "MO",
  },
  IssuingAuthority {
    "country": "USA",
    "issuerId": 636031,
    "jurisdiction": "Wisconsin",
    "jurisdictionCode": "WI",
  },
  IssuingAuthority {
    "country": "USA",
    "issuerId": 636032,
    "jurisdiction": "Michigan",
    "jurisdictionCode": "MI",
  },
  IssuingAuthority {
    "country": "USA",
    "issuerId": 636033,
    "jurisdiction": "Alabama",
    "jurisdictionCode": "AL",
  },
  IssuingAuthority {
    "country": "USA",
    "issuerId": 636034,
    "jurisdiction": "North Dakota",
    "jurisdictionCode": "ND",
  },
  IssuingAuthority {
    "country": "USA",
    "issuerId": 636035,
    "jurisdiction": "Illinois",
    "jurisdictionCode": "IL",
  },
  IssuingAuthority {
    "country": "USA",
    "issuerId": 636036,
    "jurisdiction": "New Jersey",
    "jurisdictionCode": "NJ",
  },
  IssuingAuthority {
    "country": "USA",
    "issuerId": 636037,
    "jurisdiction": "Indiana",
    "jurisdictionCode": "IN",
  },
  IssuingAuthority {
    "country": "USA",
    "issuerId": 636038,
    "jurisdiction": "Minnesota",
    "jurisdictionCode": "MN",
  },
  IssuingAuthority {
    "country": "USA",
    "issuerId": 636039,
    "jurisdiction": "New Hampshire",
    "jurisdictionCode": "NH",
  },
  IssuingAuthority {
    "country": "USA",
    "issuerId": 636040,
    "jurisdiction": "Utah",
    "jurisdictionCode": "UT",
  },
  IssuingAuthority {
    "country": "USA",
    "issuerId": 636041,
    "jurisdiction": "Maine",
    "jurisdictionCode": "ME",
  },
  IssuingAuthority {
    "country": "USA",
    "issuerId": 636042,
    "jurisdiction": "South Dakota",
    "jurisdictionCode": "SD",
  },
  IssuingAuthority {
    "country": "USA",
    "issuerId": 636043,
    "jurisdiction": "District of Columbia",
    "jurisdictionCode": "DC",
  },
  IssuingAuthority {
    "country": "CAN",
    "issuerId": 636044,
    "jurisdiction": "Saskatchewan",
    "jurisdictionCode": "SK",
  },
  IssuingAuthority {
    "country": "USA",
    "issuerId": 636045,
    "jurisdiction": "Washington",
    "jurisdictionCode": "WA",
  },
  IssuingAuthority {
    "country": "USA",
    "issuerId": 636046,
    "jurisdiction": "Kentucky",
    "jurisdictionCode": "KY",
  },
  IssuingAuthority {
    "country": "USA",
    "issuerId": 636047,
    "jurisdiction": "Hawaii",
    "jurisdictionCode": "HI",
  },
  IssuingAuthority {
    "country": "CAN",
    "issuerId": 636048,
    "jurisdiction": "Manitoba",
    "jurisdictionCode": "MB",
  },
  IssuingAuthority {
    "country": "USA",
    "issuerId": 636049,
    "jurisdiction": "Nevada",
    "jurisdictionCode": "NV",
  },
  IssuingAuthority {
    "country": "USA",
    "issuerId": 636050,
    "jurisdiction": "Idaho",
    "jurisdictionCode": "ID",
  },
  IssuingAuthority {
    "country": "USA",
    "issuerId": 636051,
    "jurisdiction": "Mississippi",
    "jurisdictionCode": "MS",
  },
  IssuingAuthority {
    "country": "USA",
    "issuerId": 636052,
    "jurisdiction": "Rhode Island",
    "jurisdictionCode": "RI",
  },
  IssuingAuthority {
    "country": "USA",
    "issuerId": 636053,
    "jurisdiction": "Tennessee",
    "jurisdictionCode": "TN",
  },
  IssuingAuthority {
    "country": "USA",
    "issuerId": 636054,
    "jurisdiction": "Nebraska",
    "jurisdictionCode": "NE",
  },
  IssuingAuthority {
    "country": "USA",
    "issuerId": 636055,
    "jurisdiction": "Georgia",
    "jurisdictionCode": "GA",
  },
  IssuingAuthority {
    "country": "MEX",
    "issuerId": 636056,
    "jurisdiction": "Coahuila",
    "jurisdictionCode": "CU",
  },
  IssuingAuthority {
    "country": "MEX",
    "issuerId": 636057,
    "jurisdiction": "Hidalgo",
    "jurisdictionCode": "HL",
  },
  IssuingAuthority {
    "country": "USA",
    "issuerId": 636058,
    "jurisdiction": "Oklahoma",
    "jurisdictionCode": "OK",
  },
  IssuingAuthority {
    "country": "USA",
    "issuerId": 636059,
    "jurisdiction": "Alaska",
    "jurisdictionCode": "AK",
  },
  IssuingAuthority {
    "country": "USA",
    "issuerId": 636060,
    "jurisdiction": "Wyoming",
    "jurisdictionCode": "WY",
  },
  IssuingAuthority {
    "country": "USA",
    "issuerId": 636061,
    "jurisdiction": "West Virginia",
    "jurisdictionCode": "WV",
  },
  IssuingAuthority {
    "country": "USA",
    "issuerId": 636062,
    "jurisdiction": "Virgin Islands",
    "jurisdictionCode": "VI",
  },
]
`;

exports[`Test the COUNTRIES static property > matches snapshot 1`] = `
[
  "CAN",
  "MEX",
  "USA",
]
`;

exports[`Test the getAuthorityById() static method > matches snapshot for issuerId '604426' 1`] = `
IssuingAuthority {
  "country": "CAN",
  "issuerId": 604426,
  "jurisdiction": "Prince Edward Island",
  "jurisdictionCode": "PE",
}
`;

exports[`Test the getAuthorityById() static method > matches snapshot for issuerId '604427' 1`] = `
IssuingAuthority {
  "country": "USA",
  "issuerId": 604427,
  "jurisdiction": "American Samoa",
  "jurisdictionCode": "AS",
}
`;

exports[`Test the getAuthorityById() static method > matches snapshot for issuerId '604428' 1`] = `
IssuingAuthority {
  "country": "CAN",
  "issuerId": 604428,
  "jurisdiction": "Quebec",
  "jurisdictionCode": "QC",
}
`;

exports[`Test the getAuthorityById() static method > matches snapshot for issuerId '604429' 1`] = `
IssuingAuthority {
  "country": "CAN",
  "issuerId": 604429,
  "jurisdiction": "Yukon",
  "jurisdictionCode": "YT",
}
`;

exports[`Test the getAuthorityById() static method > matches snapshot for issuerId '604430' 1`] = `
IssuingAuthority {
  "country": "USA",
  "issuerId": 604430,
  "jurisdiction": "Norther Marianna Islands",
  "jurisdictionCode": "MP",
}
`;

exports[`Test the getAuthorityById() static method > matches snapshot for issuerId '604431' 1`] = `
IssuingAuthority {
  "country": "USA",
  "issuerId": 604431,
  "jurisdiction": "Puerto Rico",
  "jurisdictionCode": "PR",
}
`;

exports[`Test the getAuthorityById() static method > matches snapshot for issuerId '604432' 1`] = `
IssuingAuthority {
  "country": "CAN",
  "issuerId": 604432,
  "jurisdiction": "Alberta",
  "jurisdictionCode": "AB",
}
`;

exports[`Test the getAuthorityById() static method > matches snapshot for issuerId '604433' 1`] = `
IssuingAuthority {
  "country": "CAN",
  "issuerId": 604433,
  "jurisdiction": "Nunavut",
  "jurisdictionCode": "NU",
}
`;

exports[`Test the getAuthorityById() static method > matches snapshot for issuerId '604434' 1`] = `
IssuingAuthority {
  "country": "CAN",
  "issuerId": 604434,
  "jurisdiction": "Northwest Territories",
  "jurisdictionCode": "NT",
}
`;

exports[`Test the getAuthorityById() static method > matches snapshot for issuerId '636000' 1`] = `
IssuingAuthority {
  "country": "USA",
  "issuerId": 636000,
  "jurisdiction": "Virginia",
  "jurisdictionCode": "VA",
}
`;

exports[`Test the getAuthorityById() static method > matches snapshot for issuerId '636001' 1`] = `
IssuingAuthority {
  "country": "USA",
  "issuerId": 636001,
  "jurisdiction": "New York",
  "jurisdictionCode": "NY",
}
`;

exports[`Test the getAuthorityById() static method > matches snapshot for issuerId '636002' 1`] = `
IssuingAuthority {
  "country": "USA",
  "issuerId": 636002,
  "jurisdiction": "Massachusetts",
  "jurisdictionCode": "MA",
}
`;

exports[`Test the getAuthorityById() static method > matches snapshot for issuerId '636003' 1`] = `
IssuingAuthority {
  "country": "USA",
  "issuerId": 636003,
  "jurisdiction": "Maryland",
  "jurisdictionCode": "MD",
}
`;

exports[`Test the getAuthorityById() static method > matches snapshot for issuerId '636004' 1`] = `
IssuingAuthority {
  "country": "USA",
  "issuerId": 636004,
  "jurisdiction": "North Carolina",
  "jurisdictionCode": "NC",
}
`;

exports[`Test the getAuthorityById() static method > matches snapshot for issuerId '636005' 1`] = `
IssuingAuthority {
  "country": "USA",
  "issuerId": 636005,
  "jurisdiction": "South Carolina",
  "jurisdictionCode": "SC",
}
`;

exports[`Test the getAuthorityById() static method > matches snapshot for issuerId '636006' 1`] = `
IssuingAuthority {
  "country": "USA",
  "issuerId": 636006,
  "jurisdiction": "Connecticut",
  "jurisdictionCode": "CT",
}
`;

exports[`Test the getAuthorityById() static method > matches snapshot for issuerId '636007' 1`] = `
IssuingAuthority {
  "country": "USA",
  "issuerId": 636007,
  "jurisdiction": "Louisiana",
  "jurisdictionCode": "LA",
}
`;

exports[`Test the getAuthorityById() static method > matches snapshot for issuerId '636008' 1`] = `
IssuingAuthority {
  "country": "USA",
  "issuerId": 636008,
  "jurisdiction": "Montana",
  "jurisdictionCode": "MT",
}
`;

exports[`Test the getAuthorityById() static method > matches snapshot for issuerId '636009' 1`] = `
IssuingAuthority {
  "country": "USA",
  "issuerId": 636009,
  "jurisdiction": "New Mexico",
  "jurisdictionCode": "NM",
}
`;

exports[`Test the getAuthorityById() static method > matches snapshot for issuerId '636010' 1`] = `
IssuingAuthority {
  "country": "USA",
  "issuerId": 636010,
  "jurisdiction": "Florida",
  "jurisdictionCode": "FL",
}
`;

exports[`Test the getAuthorityById() static method > matches snapshot for issuerId '636011' 1`] = `
IssuingAuthority {
  "country": "USA",
  "issuerId": 636011,
  "jurisdiction": "Delaware",
  "jurisdictionCode": "DE",
}
`;

exports[`Test the getAuthorityById() static method > matches snapshot for issuerId '636012' 1`] = `
IssuingAuthority {
  "country": "CAN",
  "issuerId": 636012,
  "jurisdiction": "Ontario",
  "jurisdictionCode": "ON",
}
`;

exports[`Test the getAuthorityById() static method > matches snapshot for issuerId '636013' 1`] = `
IssuingAuthority {
  "country": "CAN",
  "issuerId": 636013,
  "jurisdiction": "Nova Scotia",
  "jurisdictionCode": "NS",
}
`;

exports[`Test the getAuthorityById() static method > matches snapshot for issuerId '636014' 1`] = `
IssuingAuthority {
  "country": "USA",
  "issuerId": 636014,
  "jurisdiction": "California",
  "jurisdictionCode": "CA",
}
`;

exports[`Test the getAuthorityById() static method > matches snapshot for issuerId '636015' 1`] = `
IssuingAuthority {
  "country": "USA",
  "issuerId": 636015,
  "jurisdiction": "Texas",
  "jurisdictionCode": "TX",
}
`;

exports[`Test the getAuthorityById() static method > matches snapshot for issuerId '636016' 1`] = `
IssuingAuthority {
  "country": "CAN",
  "issuerId": 636016,
  "jurisdiction": "Newfoundland",
  "jurisdictionCode": "NF",
}
`;

exports[`Test the getAuthorityById() static method > matches snapshot for issuerId '636017' 1`] = `
IssuingAuthority {
  "country": "CAN",
  "issuerId": 636017,
  "jurisdiction": "New Brunswick",
  "jurisdictionCode": "NB",
}
`;

exports[`Test the getAuthorityById() static method > matches snapshot for issuerId '636018' 1`] = `
IssuingAuthority {
  "country": "USA",
  "issuerId": 636018,
  "jurisdiction": "Iowa",
  "jurisdictionCode": "IA",
}
`;

exports[`Test the getAuthorityById() static method > matches snapshot for issuerId '636019' 1`] = `
IssuingAuthority {
  "country": "USA",
  "issuerId": 636019,
  "jurisdiction": "Guam",
  "jurisdictionCode": "GU",
}
`;

exports[`Test the getAuthorityById() static method > matches snapshot for issuerId '636020' 1`] = `
IssuingAuthority {
  "country": "USA",
  "issuerId": 636020,
  "jurisdiction": "Colorado",
  "jurisdictionCode": "GM",
}
`;

exports[`Test the getAuthorityById() static method > matches snapshot for issuerId '636021' 1`] = `
IssuingAuthority {
  "country": "USA",
  "issuerId": 636021,
  "jurisdiction": "Arkansas",
  "jurisdictionCode": "AR",
}
`;

exports[`Test the getAuthorityById() static method > matches snapshot for issuerId '636022' 1`] = `
IssuingAuthority {
  "country": "USA",
  "issuerId": 636022,
  "jurisdiction": "Kansas",
  "jurisdictionCode": "KS",
}
`;

exports[`Test the getAuthorityById() static method > matches snapshot for issuerId '636023' 1`] = `
IssuingAuthority {
  "country": "USA",
  "issuerId": 636023,
  "jurisdiction": "Ohio",
  "jurisdictionCode": "OH",
}
`;

exports[`Test the getAuthorityById() static method > matches snapshot for issuerId '636024' 1`] = `
IssuingAuthority {
  "country": "USA",
  "issuerId": 636024,
  "jurisdiction": "Vermont",
  "jurisdictionCode": "VT",
}
`;

exports[`Test the getAuthorityById() static method > matches snapshot for issuerId '636025' 1`] = `
IssuingAuthority {
  "country": "USA",
  "issuerId": 636025,
  "jurisdiction": "Pennsylvania",
  "jurisdictionCode": "PA",
}
`;

exports[`Test the getAuthorityById() static method > matches snapshot for issuerId '636026' 1`] = `
IssuingAuthority {
  "country": "USA",
  "issuerId": 636026,
  "jurisdiction": "Arizona",
  "jurisdictionCode": "AZ",
}
`;

exports[`Test the getAuthorityById() static method > matches snapshot for issuerId '636027' 1`] = `
IssuingAuthority {
  "country": "USA",
  "issuerId": 636027,
  "jurisdiction": "State Dept. (Diplomatic)",
  "jurisdictionCode": null,
}
`;

exports[`Test the getAuthorityById() static method > matches snapshot for issuerId '636028' 1`] = `
IssuingAuthority {
  "country": "CAN",
  "issuerId": 636028,
  "jurisdiction": "British Columbia",
  "jurisdictionCode": "BC",
}
`;

exports[`Test the getAuthorityById() static method > matches snapshot for issuerId '636029' 1`] = `
IssuingAuthority {
  "country": "USA",
  "issuerId": 636029,
  "jurisdiction": "Oregon",
  "jurisdictionCode": "OR",
}
`;

exports[`Test the getAuthorityById() static method > matches snapshot for issuerId '636030' 1`] = `
IssuingAuthority {
  "country": "USA",
  "issuerId": 636030,
  "jurisdiction": "Missouri",
  "jurisdictionCode": "MO",
}
`;

exports[`Test the getAuthorityById() static method > matches snapshot for issuerId '636031' 1`] = `
IssuingAuthority {
  "country": "USA",
  "issuerId": 636031,
  "jurisdiction": "Wisconsin",
  "jurisdictionCode": "WI",
}
`;

exports[`Test the getAuthorityById() static method > matches snapshot for issuerId '636032' 1`] = `
IssuingAuthority {
  "country": "USA",
  "issuerId": 636032,
  "jurisdiction": "Michigan",
  "jurisdictionCode": "MI",
}
`;

exports[`Test the getAuthorityById() static method > matches snapshot for issuerId '636033' 1`] = `
IssuingAuthority {
  "country": "USA",
  "issuerId": 636033,
  "jurisdiction": "Alabama",
  "jurisdictionCode": "AL",
}
`;

exports[`Test the getAuthorityById() static method > matches snapshot for issuerId '636034' 1`] = `
IssuingAuthority {
  "country": "USA",
  "issuerId": 636034,
  "jurisdiction": "North Dakota",
  "jurisdictionCode": "ND",
}
`;

exports[`Test the getAuthorityById() static method > matches snapshot for issuerId '636035' 1`] = `
IssuingAuthority {
  "country": "USA",
  "issuerId": 636035,
  "jurisdiction": "Illinois",
  "jurisdictionCode": "IL",
}
`;

exports[`Test the getAuthorityById() static method > matches snapshot for issuerId '636036' 1`] = `
IssuingAuthority {
  "country": "USA",
  "issuerId": 636036,
  "jurisdiction": "New Jersey",
  "jurisdictionCode": "NJ",
}
`;

exports[`Test the getAuthorityById() static method > matches snapshot for issuerId '636037' 1`] = `
IssuingAuthority {
  "country": "USA",
  "issuerId": 636037,
  "jurisdiction": "Indiana",
  "jurisdictionCode": "IN",
}
`;

exports[`Test the getAuthorityById() static method > matches snapshot for issuerId '636038' 1`] = `
IssuingAuthority {
  "country": "USA",
  "issuerId": 636038,
  "jurisdiction": "Minnesota",
  "jurisdictionCode": "MN",
}
`;

exports[`Test the getAuthorityById() static method > matches snapshot for issuerId '636039' 1`] = `
IssuingAuthority {
  "country": "USA",
  "issuerId": 636039,
  "jurisdiction": "New Hampshire",
  "jurisdictionCode": "NH",
}
`;

exports[`Test the getAuthorityById() static method > matches snapshot for issuerId '636040' 1`] = `
IssuingAuthority {
  "country": "USA",
  "issuerId": 636040,
  "jurisdiction": "Utah",
  "jurisdictionCode": "UT",
}
`;

exports[`Test the getAuthorityById() static method > matches snapshot for issuerId '636041' 1`] = `
IssuingAuthority {
  "country": "USA",
  "issuerId": 636041,
  "jurisdiction": "Maine",
  "jurisdictionCode": "ME",
}
`;

exports[`Test the getAuthorityById() static method > matches snapshot for issuerId '636042' 1`] = `
IssuingAuthority {
  "country": "USA",
  "issuerId": 636042,
  "jurisdiction": "South Dakota",
  "jurisdictionCode": "SD",
}
`;

exports[`Test the getAuthorityById() static method > matches snapshot for issuerId '636043' 1`] = `
IssuingAuthority {
  "country": "USA",
  "issuerId": 636043,
  "jurisdiction": "District of Columbia",
  "jurisdictionCode": "DC",
}
`;

exports[`Test the getAuthorityById() static method > matches snapshot for issuerId '636044' 1`] = `
IssuingAuthority {
  "country": "CAN",
  "issuerId": 636044,
  "jurisdiction": "Saskatchewan",
  "jurisdictionCode": "SK",
}
`;

exports[`Test the getAuthorityById() static method > matches snapshot for issuerId '636045' 1`] = `
IssuingAuthority {
  "country": "USA",
  "issuerId": 636045,
  "jurisdiction": "Washington",
  "jurisdictionCode": "WA",
}
`;

exports[`Test the getAuthorityById() static method > matches snapshot for issuerId '636046' 1`] = `
IssuingAuthority {
  "country": "USA",
  "issuerId": 636046,
  "jurisdiction": "Kentucky",
  "jurisdictionCode": "KY",
}
`;

exports[`Test the getAuthorityById() static method > matches snapshot for issuerId '636047' 1`] = `
IssuingAuthority {
  "country": "USA",
  "issuerId": 636047,
  "jurisdiction": "Hawaii",
  "jurisdictionCode": "HI",
}
`;

exports[`Test the getAuthorityById() static method > matches snapshot for issuerId '636048' 1`] = `
IssuingAuthority {
  "country": "CAN",
  "issuerId": 636048,
  "jurisdiction": "Manitoba",
  "jurisdictionCode": "MB",
}
`;

exports[`Test the getAuthorityById() static method > matches snapshot for issuerId '636049' 1`] = `
IssuingAuthority {
  "country": "USA",
  "issuerId": 636049,
  "jurisdiction": "Nevada",
  "jurisdictionCode": "NV",
}
`;

exports[`Test the getAuthorityById() static method > matches snapshot for issuerId '636050' 1`] = `
IssuingAuthority {
  "country": "USA",
  "issuerId": 636050,
  "jurisdiction": "Idaho",
  "jurisdictionCode": "ID",
}
`;

exports[`Test the getAuthorityById() static method > matches snapshot for issuerId '636051' 1`] = `
IssuingAuthority {
  "country": "USA",
  "issuerId": 636051,
  "jurisdiction": "Mississippi",
  "jurisdictionCode": "MS",
}
`;

exports[`Test the getAuthorityById() static method > matches snapshot for issuerId '636052' 1`] = `
IssuingAuthority {
  "country": "USA",
  "issuerId": 636052,
  "jurisdiction": "Rhode Island",
  "jurisdictionCode": "RI",
}
`;

exports[`Test the getAuthorityById() static method > matches snapshot for issuerId '636053' 1`] = `
IssuingAuthority {
  "country": "USA",
  "issuerId": 636053,
  "jurisdiction": "Tennessee",
  "jurisdictionCode": "TN",
}
`;

exports[`Test the getAuthorityById() static method > matches snapshot for issuerId '636054' 1`] = `
IssuingAuthority {
  "country": "USA",
  "issuerId": 636054,
  "jurisdiction": "Nebraska",
  "jurisdictionCode": "NE",
}
`;

exports[`Test the getAuthorityById() static method > matches snapshot for issuerId '636055' 1`] = `
IssuingAuthority {
  "country": "USA",
  "issuerId": 636055,
  "jurisdiction": "Georgia",
  "jurisdictionCode": "GA",
}
`;

exports[`Test the getAuthorityById() static method > matches snapshot for issuerId '636056' 1`] = `
IssuingAuthority {
  "country": "MEX",
  "issuerId": 636056,
  "jurisdiction": "Coahuila",
  "jurisdictionCode": "CU",
}
`;

exports[`Test the getAuthorityById() static method > matches snapshot for issuerId '636057' 1`] = `
IssuingAuthority {
  "country": "MEX",
  "issuerId": 636057,
  "jurisdiction": "Hidalgo",
  "jurisdictionCode": "HL",
}
`;

exports[`Test the getAuthorityById() static method > matches snapshot for issuerId '636058' 1`] = `
IssuingAuthority {
  "country": "USA",
  "issuerId": 636058,
  "jurisdiction": "Oklahoma",
  "jurisdictionCode": "OK",
}
`;

exports[`Test the getAuthorityById() static method > matches snapshot for issuerId '636059' 1`] = `
IssuingAuthority {
  "country": "USA",
  "issuerId": 636059,
  "jurisdiction": "Alaska",
  "jurisdictionCode": "AK",
}
`;

exports[`Test the getAuthorityById() static method > matches snapshot for issuerId '636060' 1`] = `
IssuingAuthority {
  "country": "USA",
  "issuerId": 636060,
  "jurisdiction": "Wyoming",
  "jurisdictionCode": "WY",
}
`;

exports[`Test the getAuthorityById() static method > matches snapshot for issuerId '636061' 1`] = `
IssuingAuthority {
  "country": "USA",
  "issuerId": 636061,
  "jurisdiction": "West Virginia",
  "jurisdictionCode": "WV",
}
`;

exports[`Test the getAuthorityById() static method > matches snapshot for issuerId '636062' 1`] = `
IssuingAuthority {
  "country": "USA",
  "issuerId": 636062,
  "jurisdiction": "Virgin Islands",
  "jurisdictionCode": "VI",
}
`;
